
Memory Configuration

Name             Origin             Length             Attributes
*default*        0x0000000000000000 0xffffffffffffffff

Linker script and memory map

                0x0000000000010000                . = 0x10000

.text           0x0000000000010000     0x543c
 *(.text*)
 .text          0x0000000000010000     0x5046 bootstage2.o
                0x0000000000010000                tomer_start_bootstage2
                0x00000000000100c6                long_mode_entry
                0x0000000000010108                gdt64_desc
                0x0000000000011000                pml4
                0x0000000000012000                pdpt
                0x0000000000013000                pd
                0x0000000000014000                pt_id
 .text          0x0000000000015046      0x347 bootmain64.o
                0x0000000000015129                waitdisk
                0x0000000000015148                readsect
                0x000000000001531c                kernel_entry
 .text          0x000000000001538d       0x1e protmode_print.o
                0x000000000001538d                serial_print
 *(.rodata*)
 *fill*         0x00000000000153ab        0x5 
 .rodata        0x00000000000153b0       0x8c bootmain64.o
LOAD bootstage2.o
LOAD bootmain64.o
LOAD protmode_print.o
OUTPUT(bootstage2.bin binary)

.eh_frame       0x0000000000015440      0x178
 .eh_frame      0x0000000000015440      0x178 bootmain64.o

.data           0x00000000000155b8        0x0
 .data          0x00000000000155b8        0x0 bootstage2.o
 .data          0x00000000000155b8        0x0 bootmain64.o
 .data          0x00000000000155b8        0x0 protmode_print.o

.bss            0x00000000000155b8        0x0
 .bss           0x00000000000155b8        0x0 bootstage2.o
 .bss           0x00000000000155b8        0x0 bootmain64.o
 .bss           0x00000000000155b8        0x0 protmode_print.o

.comment        0x0000000000000000       0x12
 .comment       0x0000000000000000       0x12 bootmain64.o
